// Jest Snapshot v1, https://goo.gl/fbAQLP

exports[`Upsert activity 1`] = `
Array [
  Object {
    "text": "Hello, World!",
    "type": "message",
  },
]
`;
